[   0.000000] Linux version 4.15.0-36-generic (buildd@lgw01-amd64-031) (gcc version 7.3.0 (Ubuntu 7.3.0-16ubuntu3)) #39-Ubuntu SMP Mo Sep 24 16:19:09 UTC 2018 (Ubuntu 4.15.0-36.39-generic 4.15.18)
[    0.000000] Command line: BOOT_IMAGE=/boot/vmlinuz-4.15.0-36-generic root=UUID=e616e0bb-a965-4a8f-849c-be5fb3809975 ro console=tty1 console=ttyS0
[    0.000000] KERNEL supported cpus:
[    0.000000]   Intel GenuineIntel
[    0.000000]   AMD AuthenticAMD
[    0.000000]   Centaur CentaurHauls
[    0.000000] x86/fpu: Supporting XSAVE feature 0x001: 'x87 floating point registers'
[    0.00000] x86/fpu: Supporting XSAVE feature 0x002: 'SSE registers'
[    0.000000] x86/fpu: Supporting XSAVE feature 0x004: 'AVX registers'
[    0.000000] x86/fpu: xstate_offset[2]:  576, xstate_sizes[2]:  256
[    0.000000] x86/fpu: Enabled xstate features 0x7, context size is 832 bytes, using 'standard' format.
[    0.000000] e820: BIOS-provided physical RAM map:
[    0.000000] BIOS-e820: [mem 0x0000000000000000-0x000000000009fbff] usable
[    0.000000] BIOS-e820: [mem 0x000000000009fc00-0x000000000009ffff] reserved
[    0.000000] BIOS-e820: [mem 0x00000000000f0000-0x00000000000fffff] reserved
[    0.000000] BIOS-e820: [mem 0x0000000000100000-0x00000000dffeffff] usable
[    0.000000] BIOS-e820: [mem 0x00000000dfff0000-0x00000000dfffffff] ACPI data
[    0.000000] BIOS-e820: [mem 0x00000000fec00000-0x00000000fec00fff] reserved
[    0.000000] BIOS-e820: [mem 0x00000000fee00000-0x00000000fee00fff] reserved
[    0.000000] BIOS-e820: [mem 0x00000000fffc0000-0x00000000ffffffff] reserved
[    0.000000] BIOS-e820: [mem 0x0000000100000000-0x0000000213ffffff] usable
[    0.000000] NX (Execute Disable) protection: active
[    0.000000] SMBIOS 2.5 present.
[    0.000000] DMI: innotek GmbH VirtualBox/VirtualBox, BIOS VirtualBox 12/01/2006
[    0.000000] Hypervisor detected: KVM
[    0.000000] e820: last_pfn = 0x214000 max_arch_pfn = 0x400000000
[    0.000000] MTRR: Disabled
[    0.000000] x86/PAT: MTRRs disabled, skipping PAT initialization too.
[    0.000000] CPU MTRRs all blank - virtualized system.
[    0.000000] x86/PAT: Configuration [0-7]: WB  WT  UC- UC  WB  WT  UC- UC  
[    0.000000] e820: last_pfn = 0xdfff0 max_arch_pfn = 0x400000000
[    0.000000] found SMP MP-table at [mem 0x0009fff0-0x0009ffff] mapped at [        (ptrval)]
[    0.000000] Scanning 1 areas for low memory corruption
[    0.000000] RAMDISK: [mem 0x3598b000-0x36cbcfff]
[    0.000000] ACPI: Early table checksum verification disabled
[    0.000000] ACPI: RSDP 0x00000000000E0000 000024 (v02 VBOX  )
[    0.000000] ACPI: XSDT 0x00000000DFFF0030 00003C (v01 VBOX   VBOXXSDT 00000001 ASL  00000061)
[    0.000000] ACPI: FACP 0x00000000DFFF00F0 0000F4 (v04 VBOX   VBOXFACP 00000001 ASL  00000061)
[    0.000000] ACPI: DSDT 0x00000000DFFF0470 0021FF (v02 VBOX   VBOXBIOS 00000002 INTL 20100528)
[    0.000000] ACPI: FACS 0x00000000DFFF0200 000040
[    0.000000] ACPI: FACS 0x00000000DFFF0200 000040
[    0.000000] ACPI: APIC 0x00000000DFFF0240 00005C (v02 VBOX   VBOXAPIC 00000001 ASL  00000061)
[    0.000000] ACPI: SSDT 0x00000000DFFF02A0 0001CC (v01 VBOX   VBOXCPUT 00000002 INTL 20100528)
[    0.000000] No NUMA configuration found
[    0.000000] Faking a node at [mem 0x0000000000000000-0x0000000213ffffff]
[    0.000000] NODE_DATA(0) allocated [mem 0x213fd1000-0x213ffbfff]
[    0.000000] kvm-clock: cpu 0, msr 2:13f50001, primary cpu clock
[    0.000000] kvm-clock: Using msrs 4b564d01 and 4b564d00
[    0.000000] kvm-clock: using sched offset of 4395865327 cycles
[    0.000000] clocksource: kvm-clock: mask: 0xffffffffffffffff max_cycles: 0x1cd42e4dffb, max_idle_ns: 881590591483 ns
[    0.000000] Zone ranges:
[    0.000000]   DMA      [mem 0x0000000000001000-0x0000000000ffffff]
[    0.000000]   DMA32    [mem 0x0000000001000000-0x00000000ffffffff]
[    0.000000]   Normal   [mem 0x0000000100000000-0x0000000213ffffff]
[    0.000000]   Device   empty
[    0.000000] Movable zone start for each node
[    0.000000] Early memory node ranges
[    0.000000]   node   0: [mem 0x0000000000001000-0x000000000009efff]
[    0.000000]   node   0: [mem 0x0000000000100000-0x00000000dffeffff]
[    0.000000]   node   0: [mem 0x0000000100000000-0x0000000213ffffff]
[    0.000000] Initmem setup node 0 [mem 0x0000000000001000-0x0000000213ffffff]
[    0.000000] Reserved but unavailable: 98 pages
[    0.000000] ACPI: PM-Timer IO Port: 0x4008
[    0.000000] IOAPIC[0]: apic_id 2, version 32, address 0xfec00000, GSI 0-23
[    0.000000] ACPI: INT_SRC_OVR (bus 0 bus_irq 0 global_irq 2 dfl dfl)
[    0.000000] ACPI: INT_SRC_OVR (bus 0 bus_irq 9 global_irq 9 low level)
[    0.000000] Using ACPI (MADT) for SMP configuration information
[    0.000000] smpboot: Allowing 2 CPUs, 0 hotplug CPUs
[    0.000000] PM: Registered nosave memory: [mem 0x00000000-0x00000fff]
[    0.000000] PM: Registered nosave memory: [mem 0x0009f000-0x0009ffff]
[    0.000000] PM: Registered nosave memory: [mem 0x000a0000-0x000effff]
[    0.000000] PM: Registered nosave memory: [mem 0x000f0000-0x000fffff]
[    0.000000] PM: Registered nosave memory: [mem 0xdfff0000-0xdfffffff]
[    0.000000] PM: Registered nosave memory: [mem 0xe0000000-0xfebfffff]
[    0.000000] PM: Registered nosave memory: [mem 0xfec00000-0xfec00fff]
[    0.000000] PM: Registered nosave memory: [mem 0xfec01000-0xfedfffff]
[    0.000000] PM: Registered nosave memory: [mem 0xfee00000-0xfee00fff]
[    0.000000] PM: Registered nosave memory: [mem 0xfee01000-0xfffbffff]
[    0.000000] PM: Registered nosave memory: [mem 0xfffc0000-0xffffffff]
[    0.000000] e820: [mem 0xe0000000-0xfebfffff] available for PCI devices
[    0.000000] Booting paravirtualized kernel on KVM
[    0.000000] clocksource: refined-jiffies: mask: 0xffffffff max_cycles: 0xffffffff, max_idle_ns: 7645519600211568 ns
[    0.000000] random: get_random_bytes called from start_kernel+0x99/0x4fd with crng_init=0
[    0.00000] setup_percpu: NR_CPUS:8192 nr_cpumask_bits:2 nr_cpu_ids:2 nr_node_ids:1
[    0.000000] percpu: Embedded 46 pages/cpu @        (ptrval) s151552 r8192 d28672 u1048576
[    0.000000] PV qspinlock hash table entries: 256 (order: 0, 4096 bytes)
[    0.000000] Built 1 zonelists, mobility grouping on.  Total pages: 2015865
[    0.000000] Policy zone: Normal
[    0.000000] Kernel command line: BOOT_IMAGE=/boot/vmlinuz-4.15.0-36-generic root=UUID=e616e0bb-a965-4a8f-849c-be5fb3809975 ro console=tty1 console=ttyS0
[    0.000000] Memory: 7947744K/8191544K available (12300K kernel code, 2472K rwdata, 4248K rodata, 2408K init, 2416K bss, 243800K reserved, 0K cma-reserved)
[    0.000000] SLUB: HWalign=64, Order=0-3, MinObjects=0, CPUs=2, Nodes=1
[    0.000000] Kernel/User page tables isolation: enabled
[    0.000000] ftrace: allocating 39168 entries in 154 pages
[    0.004000] Hierarchical RCU implementation.
[    0.004000] 	RCU restricting CPUs from NR_CPUS=8192 to nr_cpu_ids=2.
[    0.004000] 	Tasks RCU enabled.
[    0.004000] RCU: Adjusting geometry for rcu_fanout_leaf=16, nr_cpu_ids=2
[    0.004000] NR_IRQS: 524544, nr_irqs: 440, preallocated irqs: 16
[    0.004000] Console: colour VGA+ 80x25
[    0.004000] console [tty1] enabled
[    0.004000] console [ttyS0] enabled
[    0.004000] ACPI: Core revision 20170831
[    0.004000] ACPI: 2 ACPI AML tables successfully acquired and loaded
[    0.004000] APIC: Switch to symmetric I/O mode setup
[    0.004000] x2apic enabled
[    0.004000] Switched APIC routing to physical x2apic.
[    0.008926] ..TIMER: vector=0x30 apic1=0 pin1=2 apic2=-1 pin2=-1
[    0.012007] tsc: Detected 1992.000 MHz processor
[    0.013791] Calibrating delay loop (skipped) preset value.. 3984.00 BogoMIPS (lpj=7968000)
[    0.016007] pid_max: default: 32768 minimum: 301
[    0.017571] Security Framework initialized
[    0.020008] Yama: becoming mindful.
[    0.021582] AppArmor: AppArmor initialized
[    0.040250] Dentry cache hash table entries: 1048576 (order: 11, 8388608 bytes)
[    0.056358] Inode-cache hash table entries: 524288 (order: 10, 4194304 bytes)
[    0.060068] Mount-cache hash table entries: 16384 (order: 5, 131072 bytes)
[    0.064047] Mountpoint-cache hash table entries: 16384 (order: 5, 131072 bytes)
[    0.068417] mce: CPU supports 0 MCE banks
[    0.072036] Last level iTLB entries: 4KB 64, 2MB 8, 4MB 8
[    0.076006] Last level dTLB entries: 4KB 64, 2MB 0, 4MB 0, 1GB 4
[    0.080008] Spectre V2 : Mitigation: Full generic retpoline
[    0.084007] Spectre V2 : Spectre v2 / SpectreRSB mitigation: Filling RSB on context switch
[    0.088005] Speculative Store Bypass: Vulnerable
[    0.092192] Freeing SMP alternatives memory: 36K
[    0.104000] smpboot: CPU0: Intel(R) Core(TM) i7-8550U CPU @ 1.80GHz (family: 0x6, model: 0x8e, stepping: 0xa)
[    0.104080] Performance Events: unsupported p6 CPU model 142 no PMU driver, software events only.
[    0.108059] Hierarchical SRCU implementation.
[    0.112623] NMI watchdog: Perf event create on CPU 0 failed with -2
[    0.116006] NMI watchdog: Perf NMI watchdog permanently disabled
[    0.124085] smp: Bringing up secondary CPUs ...
[    0.128147] x86: Booting SMP configuration:
[    0.132009] .... node  #0, CPUs:      #1
[    0.004000] kvm-clock: cpu 1, msr 2:13f50041, secondary cpu clock
[    0.004000] mce: CPU supports 0 MCE banks
[    0.184022] smp: Brought up 1 node, 2 CPUs
[    0.188015] smpboot: Max logical packages: 1
[    0.192015] smpboot: Total of 2 processors activated (7968.00 BogoMIPS)
[    0.196415] devtmpfs: initialized
[    0.197545] x86/mm: Memory block size: 128MB
[    0.201376] evm: security.selinux
[    0.202791] evm: security.SMACK64
[    0.204009] evm: security.SMACK64EXEC
[    0.205395] evm: security.SMACK64TRANSMUTE
[    0.208011] evm: security.SMACK64MMAP
[    0.212007] evm: security.apparmor
[    0.213400] evm: security.ima
[    0.216009] evm: security.capability
[    0.220202] clocksource: jiffies: mask: 0xffffffff max_cycles: 0xffffffff, max_idle_ns: 7645041785100000 ns
[    0.224033] futex hash table entries: 512 (order: 3, 32768 bytes)
[    0.232005] pinctrl core: initialized pinctrl subsystem
[    0.240026] RTC time: 18:06:57, date: 09/17/19
[    0.241305] NET: Registered protocol family 16
[    0.244108] audit: initializing netlink subsys (disabled)
[    0.245362] audit: type=2000 audit(1568743623.023:1): state=initialized audit_enabled=0 res=1
[    0.268010] cpuidle: using governor ladder
[    0.269008] cpuidle: using governor menu
[    0.270086] ACPI: bus type PCI registered
[    0.271069] acpiphp: ACPI Hot Plug PCI Controller Driver version: 0.5
[    0.276005] PCI: Using configuration type 1 for base access
[    0.285896] HugeTLB registered 2.00 MiB page size, pre-allocated 0 pages
[    0.288102] ACPI: Added _OSI(Module Device)
[    0.292018] ACPI: Added _OSI(Processor Device)
[    0.296011] ACPI: Added _OSI(3.0 _SCP Extensions)
[    0.300006] ACPI: Added _OSI(Processor Aggregator Device)
[    0.304008] ACPI: Added _OSI(Linux-Dell-Video)
[    0.308007] ACPI: Added _OSI(Linux-Lenovo-NV-HDMI-Audio)
[    0.312484] ACPI: Executed 1 blocks of module-level executable AML code
[    0.324124] ACPI: Interpreter enabled
[    0.325679] ACPI: (supports S0 S5)
[    0.328012] ACPI: Using IOAPIC for interrupt routing
[    0.332593] PCI: Using host bridge windows from ACPI; if necessary, use "pci=nocrs" and report a bug
[    0.336466] ACPI: Enabled 2 GPEs in block 00 to 07
[    0.356448] ACPI: PCI Root Bridge [PCI0] (domain 0000 [bus 00-ff])
[    0.360016] acpi PNP0A03:00: _OSC: OS supports [ASPM ClockPM Segments MSI]
[    0.364093] acpi PNP0A03:00: _OSC: not requesting OS control; OS requires [ExtendedConfig ASPM ClockPM MSI]
[    0.368026] acpi PNP0A03:00: fail to add MMCONFIG information, can't access extended PCI configuration space under this bridge.
[    0.372511] PCI host bridge to bus 0000:00
[    0.374572] pci_bus 0000:00: root bus resource [io  0x0000-0x0cf7 window]
[    0.376005] pci_bus 0000:00: root bus resource [io  0x0d00-0xffff window]
[    0.380004] pci_bus 0000:00: root bus resource [mem 0x000a0000-0x000bffff window]
[    0.381767] pci_bus 0000:00: root bus resource [mem 0xe0000000-0xfdffffff window]
[    0.384012] pci_bus 0000:00: root bus resource [bus 00-ff]
[    0.394282] pci 0000:00:01.1: legacy IDE quirk: reg 0x10: [io  0x01f0-0x01f7]
[    0.396008] pci 0000:00:01.1: legacy IDE quirk: reg 0x14: [io  0x03f6]
[    0.400008] pci 0000:00:01.1: legacy IDE quirk: reg 0x18: [io  0x0170-0x0177]
[    0.404009] pci 0000:00:01.1: legacy IDE quirk: reg 0x1c: [io  0x0376]
[    0.550018] pci 0000:00:07.0: quirk: [io  0x4000-0x403f] claimed by PIIX4 ACPI
[    0.552093] pci 0000:00:07.0: quirk: [io  0x4100-0x410f] claimed by PIIX4 SMB
[    0.689947] ACPI: PCI Interrupt Link [LNKA] (IRQs 5 9 10 *11)
[    0.741520] ACPI: PCI Interrupt Link [LNKB] (IRQs 5 9 *10 11)
[    0.800421] ACPI: PCI Interrupt Link [LNKC] (IRQs 5 *9 10 11)
[    0.916255] ACPI: PCI Interrupt Link [LNKD] (IRQs 5 9 10 *11)
[    0.996622] SCSI subsystem initialized
[    1.024108] pci 0000:00:02.0: vgaarb: setting as boot VGA device
[    1.028000] pci 0000:00:02.0: vgaarb: VGA device added: decodes=io+mem,owns=io+mem,locks=none
[    1.060008] pci 0000:00:02.0: vgaarb: bridge control possible
[    1.072007] vgaarb: loaded
[    1.112065] ACPI: bus type USB registered
[    1.132045] usbcore: registered new interface driver usbfs
[    1.224039] usbcore: registered new interface driver hub
[    1.284048] usbcore: registered new device driver usb
[    1.376057] EDAC MC: Ver: 3.0.0
[    1.444373] PCI: Using ACPI for IRQ routing
[    1.464449] NetLabel: Initializing
[    1.508009] NetLabel:  domain hash size = 128
[    1.536004] NetLabel:  protocols = UNLABELED CIPSOv4 CALIPSO
[    1.544022] NetLabel:  unlabeled traffic allowed by default
[    1.548327] clocksource: Switched to clocksource kvm-clock
[    1.651826] VFS: Disk quotas dquot_6.6.0
[    1.716091] VFS: Dquot-cache hash table entries: 512 (order 0, 4096 bytes)
[    1.765654] AppArmor: AppArmor Filesystem Enabled
[    1.839495] pnp: PnP ACPI init
[    1.867805] pnp: PnP ACPI: found 3 devices
[    1.883362] clocksource: acpi_pm: mask: 0xffffff max_cycles: 0xffffff, max_idle_ns: 2085701024 ns
[    1.942228] NET: Registered protocol family 2
[    1.950890] TCP established hash table entries: 65536 (order: 7, 524288 bytes)
[    1.973005] TCP bind hash table entries: 65536 (order: 8, 1048576 bytes)
[    1.985404] TCP: Hash tables configured (established 65536 bind 65536)
[    1.987747] UDP hash table entries: 4096 (order: 5, 131072 bytes)
[    2.067362] UDP-Lite hash table entries: 4096 (order: 5, 131072 bytes)
[    2.190457] NET: Registered protocol family 1
[    2.225817] pci 0000:00:00.0: Limiting direct PCI/PCI transfers
[    2.315771] pci 0000:00:01.0: Activating ISA DMA hang workarounds
[    2.380915] pci 0000:00:02.0: Video device with shadowed ROM at [mem 0x000c0000-0x000dffff]
[    2.411802] Unpacking initramfs...
[    3.138935] Freeing initrd memory: 19656K
[    3.214328] PCI-DMA: Using software bounce buffering for IO (SWIOTLB)
[    3.256450] software IO TLB [mem 0xdbff0000-0xdfff0000] (64MB) mapped at [        (ptrval)-        (ptrval)]
[    3.284734] platform rtc_cmos: registered platform RTC device (no PNP device found)
[    3.337879] Scanning for low memory corruption every 60 seconds
[    3.340024] Initialise system trusted keyrings
[    3.341121] Key type blacklist registered
[    3.342150] workingset: timestamp_bits=36 max_order=21 bucket_order=0
[    3.357600] zbud: loaded
[    3.374485] squashfs: version 4.0 (2009/01/31) Phillip Lougher
[    3.433577] fuse init (API version 7.26)
[    3.516597] Key type asymmetric registered
[    3.656907] Asymmetric key parser 'x509' registered
[    3.687722] Block layer SCSI generic (bsg) driver version 0.4 loaded (major 246)
[    3.799666] io scheduler noop registered
[    3.813831] io scheduler deadline registered
[    3.896928] io scheduler cfq registered (default)
[    3.907221] ACPI: AC Adapter [AC] (off-line)
[    3.933132] input: Power Button as /devices/LNXSYSTM:00/LNXPWRBN:00/input/input0
[    3.973935] ACPI: Power Button [PWRF]
[    3.984750] input: Sleep Button as /devices/LNXSYSTM:00/LNXSLPBN:00/input/input1
[    4.001803] ACPI: Sleep Button [SLPF]
[    4.102862] Serial: 8250/16550 driver, 32 ports, IRQ sharing enabled
[    4.104749] ACPI: Battery Slot [BAT0] (battery present)
[    4.234010] 00:02: ttyS0 at I/O 0x3f8 (irq = 4, base_baud = 115200) is a 16550A
[    4.352273] tsc: Refined TSC clocksource calibration: 1991.819 MHz
[    4.381491] clocksource: tsc: mask: 0xffffffffffffffff max_cycles: 0x396bfc3ecd2, max_idle_ns: 881590578003 ns
[    4.395897] Linux agpgart interface v0.103
[    4.398641] loop: module loaded
[    4.400103] scsi host0: ata_piix
[    4.408473] scsi host1: ata_piix
[    4.424869] ata1: PATA max UDMA/33 cmd 0x1f0 ctl 0x3f6 bmdma 0xd000 irq 14
[    4.440220] ata2: PATA max UDMA/33 cmd 0x170 ctl 0x376 bmdma 0xd008 irq 15
[    4.441851] libphy: Fixed MDIO Bus: probed
[    4.4830] tun: niversaTU/TAPeve driver, 1.6

[    4.984162] PPP generic driver version 2.4.2
[    5.056704] ehci_hcd: USB 2.0 'Enhanced' Host Controller (EHCI) Driver
[    5.121242] ehci-pci: EHCI PCI platform driver
[    5.123784] ehci-platform: EHCI generic platform driver
[    5.133270] ohci_hcd: USB 1.1 'Open' Host Controller (OHCI) Driver
[    5.136739] ohci-pci: OHCI PCI platform driver
[    5.138821] ohci-platform: OHCI generic platform driver
[    5.141301] uhci_hcd: USB Universal Host Controller Interface driver
[    5.144041] i8042: PNP: PS/2 Controller [PNP0303:PS2K,PNP0f03:PS2M] at 0x60,0x64 irq 1,12
[    5.147729] serio: i8042 KBD port at 0x60,0x64 irq 1
[    5.149859] serio: i8042 AUX port at 0x60,0x64 irq 12
[    5.152210] mousedev: PS/2 mouse device common for all mice
[    5.166019] rtc_cmos rtc_cmos: rtc core: registered rtc_cmos as rtc0
[    5.211229] rtc_cmos rtc_cmos: alarms up to one day, 114 bytes nvram
[   5.319736] input: AT Translated Set 2 keyboard as /devices/platform/i8042/serio0/input/input2
[    5.408625] i2c /dev entries driver
[    5.408637] pcie_mp2_amd: AMD(R) PCI-E MP2 Communication Driver Version: 1.0
[    5.408762] device-mapper: uevent: version 1.0.3
[    5.408875] device-mapper: ioctl: 4.37.0-ioctl (2017-09-20) initialised: dm-devel@redhat.com
[    5.612624] ledtrig-cpu: registered to indicate activity on CPUs
[    5.614350] NET: Registered protocol family 10
[    5.618853] Segment Routing with IPv6
[    5.632625] NET: Registered protocol family 17
[    5.633912] Key type dns_resolver registered
[    5.705763] RAS: Correctable Errors collector initialized.
[    5.821508] sched_clock: Marking stable (5821466395, 0)->(9604129720, -3782663325)
[    5.856560] registered taskstats version 1
[    5.901087] Loading compiled-in X.509 certificates
[    5.965010] Loaded X.509 cert 'Build time autogenerated kernel key: fcd93cd0852f7ae1da10896371e06e3c19479c00'
[    6.110556] zswap: loaded using pool lzo/zbud
[    6.155899] Key type big_key registered
[    6.182295] Key type trusted registered
[    6.228082] Key type encrypted registered
[    6.277648] AppArmor: AppArmor sha1 policy hashing enabled
[    6.354461] ima: No TPM chip found, activating TPM-bypass! (rc=-19)
[    6.376422] ima: Allocated hash algorithm: sha1
[    6.517322] evm: HMAC attrs: 0x1
[    6.532103]   Magic number: 3:271:140
[    6.603581] rtc_cmos rtc_cmos: setting system clock to 2019-09-17 18:07:04 UTC (1568743624)
[    6.671646] BIOS EDD facility v0.16 2004-Jun-25, 0 devices found
[    6.672947] EDD information not available.
[    6.676542] Freeing unused kernel memory: 2408K
[    6.732614] Write protecting the kernel read-only data: 20480k
[    6.734643] Freeing unused kernel memory: 2008K
[    6.740784] Freeing unused kernel memory: 1896K
[    6.780635] x86/mm: Checked W+X mappings: passed, no W+X pages found.
[    6.849225] x86/mm: Checking user space page tables
[    6.895149] x86/mm: Checked W+X mappings: passed, no W+X pages found.
Loading, please wait...
starting version 237
[    7.157792] Fusion MPT base driver 3.04.20
[    7.223870] Copyright (c) 1999-2008 LSI Corporation
[    7.304769] e1000: Intel(R) PRO/1000 Network Driver - version 7.3.21-k8-NAPI
[    7.362867] e1000: Copyright (c) 1999-2006 Intel Corporation.
[    7.482198] Fusion MPT SPI Host driver 3.04.20
[    7.482966] input: ImExPS/2 Generic Explorer Mouse as /devices/platform/i8042/serio1/input/input4
[    7.600228] mptbase: ioc0: Initiating bringup
[    7.676993] AVX2 version of gcm_enc/dec engaged.
[    7.707780] AES CTR mode by8 optimization enabled
[    7.822686] ioc0: LSI53C1030 A0: Capabilities={Initiator}
[   10.796231] scsi host2: ioc0: LSI53C1030 A0, FwRev=00000000h, Ports=1, MaxQ=256, IRQ=20
[   13.126227] scsi 2:0:0:0: Direct-Access     VBOX     HARDDISK         1.0  PQ: 0 ANSI: 5
[   13.171750] scsi target2:0:0: Beginning Domain Validation
[   13.233175] scsi target2:0:0: Domain Validation skipping write tests
[   13.235918] scsi target2:0:0: Ending Domain Validation
[   13.249130] scsi target2:0:0: asynchronous
[   13.250891] random: fast init done
[   13.252293] scsi 2:0:1:0: Direct-Access     VBOX     HARDDISK         1.0  PQ: 0 ANSI: 5
[   13.557296] scsi target2:0:1: Beginning Domain Validation
[   13.576159] scsi target2:0:1: Domain Validation skipping write tests
[   13.587927] scsi target2:0:1: Ending Domain Validation
[   13.596313] scsi target2:0:1: asynchronous
[   13.607974] random: systemd-udevd: uninitialized urandom read (16 bytes read)
[   13.608814] sd 2:0:0:0: [sda] 20971520 512-byte logical blocks: (10.7 GB/10.0 GiB)
[   13.608908] sd 2:0:0:0: [sda] Write Protect is off
[   13.609125] sd 2:0:0:0: [sda] Incomplete mode parameter data
[   13.609127] sd 2:0:0:0: [sda] Assuming drive cache: write through
[   13.616333] e1000 0000:00:03.0 eth0: (PCI:33MHz:32-bit) 02:0d:76:ba:5b:1c
[   13.616339] e1000 0000:00:03.0 eth0: Intel(R) PRO/1000 Network Connection
[   13.618210] sd 2:0:0:0: Attached scsi generic sg0 type 0
[   13.619375]  sda: sda1
[   13.619592] sd 2:0:1:0: Attached scsi generic sg1 type 0
[   13.620234] sd 2:0:1:0: [sdb] 20480 512-byte logical blocks: (10.5 MB/10.0 MiB)
[   13.620284] sd 2:0:0:0: [sda] Attached SCSI disk
[   13.620311] sd 2:0:1:0: [sdb] Write Protect is off
[   13.620546] sd 2:0:1:0: [sdb] Incomplete mode parameter data
[   13.620548] sd 2:0:1:0: [sdb] Assuming drive cache: write through
[   13.623526] sd 2:0:1:0: [sdb] Attached SCSI disk
[   13.680987] random: systemd-udevd: uninitialized urandom read (16 bytes read)
[   13.689461] random: systemd-udevd: uninitialized urandom read (16 bytes read)
[   14.137149] e1000 0000:00:08.0 eth1: (PCI:33MHz:32-bit) 08:00:27:ed:7e:e3
[   14.150815] e1000 0000:00:08.0 eth1: Intel(R) PRO/1000 Network Connection
[   15.502727] e1000 0000:00:08.0 enp0s8: renamed from eth1
[   15.620864] e1000 0000:00:03.0 enp0s3: renamed from eth0
Begin: Loading essential drivers ... [   18.128866] raid6: sse2x1   gen()  4298 MB/s
[   18.188643] raid6: sse2x1   xor()  2563 MB/s
[   18.244410] raid6: sse2x2   gen()  3849 MB/s
[   18.293217] raid6: sse2x2   xor()  2804 MB/s
[   18.380275] raid6: sse2x4   gen()  7433 MB/s
[   18.432141] raid6: sse2x4   xor()  2987 MB/s
[   18.508741] raid6: avx2x1   gen()  8987 MB/s
[   18.644533] raid6: avx2x1   xor()  3489 MB/s
[   18.708181] raid6: avx2x2   gen()  4558 MB/s
[   18.760228] raid6: avx2x2   xor()  3359 MB/s
[   18.844103] raid6: avx2x4   gen()  6029 MB/s
[   18.912374] raid6: avx2x4   xor()  4076 MB/s
[   18.920215] raid6: using algorithm avx2x1 gen() 8987 MB/s
[   18.961989] raid6: .... xor() 3489 MB/s, rmw enabled
[   19.046948] raid6: using avx2x2 recovery algorithm
[   19.135074] xor: automatically using best checksumming function   avx       
[   19.173982] async_tx: api initialized (async)
done.
Begin: Running /scripts/init-premount ... done.
Begin: Mounting root file system ... Begin: Running /scripts/local-top ... done.
Begin: Running /scripts/local-premount ... [   19.309829] Btrfs loaded, crc32c=crc32c-intel
Scanning for Btrfs filesystems
done.
Warning: fsck not present, so skipping root file system
[   19.358874] EXT4-fs (sda1): INFO: recovery required on readonly filesystem
[   19.360644] EXT4-fs (sda1): write access will be enabled during recovery
[   19.626381] EXT4-fs (sda1): orphan cleanup on readonly fs
[   19.641490] EXT4-fs (sda1): 6 orphan inodes deleted
[   19.684063] EXT4-fs (sda1): recovery complete
[   19.753451] EXT4-fs (sda1): mounted filesystem with ordered data mode. Opts: (null)
done.
Begin: Running /scripts/local-bottom ... done.
Begin: Running /scripts/init-bottom ... done.
[   20.397364] ip_tables: (C) 2000-2006 Netfilter Core Team
[   20.881896] systemd[1]: systemd 237 running in system mode. (+PAM +AUDIT +SELINUX +IMA +APPARMOR +SMACK +SYSVINIT +UTMP +LIBCRYPTSETUP +GCRYPT +GNUTLS +ACL +XZ +LZ4 +SECCOMP +BLKID +ELFUTILS +KMOD -IDN2 +IDN -PCRE2 default-hierarchy=hybrid)
[   25.058858] systemd[1]: Detected virtualization oracle.
[   25.060142] systemd[1]: Detected architecture x86-64.

Welcome to [1mUbuntu 18.04.3 LTS[0m!

[   25.117351] systemd[1]: Set hostname to <ubuntu-bionic>.
[   27.218306] random: crng init done
[   27.235574] random: 7 urandom warning(s) missed due to ratelimiting
[   27.627425] systemd[1]: Created slice System Slice.
[[0;32m  OK  [0m] Created slice System Slice.
[   27.637129] systemd[1]: Listening on Journal Socket.
[[0;32m  OK  [0m] Listening on Journal Socket.
[   28.229288] systemd[1]: Created slice User and Session Slice.
[[0;32m  OK  [0m] Created slice User and Session Slice.
[   28.822044] systemd[1]: Mounting Huge Pages File System...
         Mounting Huge Pages File System...
[   28.827045] systemd[1]: Starting Set the console keyboard layout...
         Starting Set the console keyboard layout...
[   28.841189] systemd[1]: Starting Uncomplicated firewall...
         Starting Uncomplicated firewall...
[   28.845002] systemd[1]: Reached target Swap.
[[0;32m  OK  [0m] Reached target Swap.
[   28.847737] systemd[1]: Listening on udev Control Socket.
[[0;32m  OK  [0m] Listening on udev Control Socket.
[   28.865923] systemd[1]: Starting Remount Root and Kernel File Systems...
         Starting Remount Root and Kernel File Systems...
[   28.881275] systemd[1]: Listening on LVM2 poll daemon socket.
[[0;32m  OK  [0m] Listening on LVM2 poll daemon socket.
[[0;32m  OK  [0m] Reached target User and Group Name Lookups.
[[0;32m  OK  [0m] Set up automount Arbitrary Executabâ€¦rmats File System Automount Point.
[   28.915726] EXT4-fs (sda1): re-mounted. Opts: (null)
         Mounting POSIX Message Queue File System...
[[0;32m  OK  [0m] Listening on Journal Audit Socket.
[[0;32m  OK  [0m] Listening on LVM2 metadata daemon socket.
[[0;32m  OK  [0m] Started Forward Password Requests to Wall Directory Watch.
[[0;32m  OK  [0m] Reached target System Time Synchronized.
[[0;32m  OK  [0m] Listening on Network Service Netlink Socket.
         Mounting Kernel Debug File System...
[[0;32m  OK  [0m] Listening on Journal Socket (/dev/log).
[[0;32m  OK  [0m] Reached target Slices.
[[0;32m  OK  [0m] Listening on /dev/initctl Compatibility Named Pipe.
[[0;32m  OK  [0m] Listening on udev Kernel Socket.
         Starting udev Coldplug all Devices...
[[0;32m  OK  [0m] Created slice system-serial\x2dgetty.slice.
[[0;32m  OK  [0m] Listening on Syslog Socket.
         Starting Journal Service...
         Starting Create list of required stâ€¦ce nodes for the current kernel...
[[0;32m  OK  [0m] Listening on Device-mapper event daemon FIFOs.
         Starting Monitoring of LVM2 mirrorsâ€¦ng dmeventd or progress polling...
         Starting Load Kernel Modules...
[[0;32m  OK  [0m] Mounted Huge Pages File Syst[   29.177839] Loading iSCSI transport class v2.0-870.
em.
[[0;32m  OK  [0m] Started Uncomplicated firewall.
[   29.216397] iscsi: registered transport (tcp)
[[0;32m  OK  [0m] Started Journal Service.
[[0;32m  OK  [0m] Started Set [   29.277632] iscsi: registered transport (iser)
the console keyboard layout.
[[0;32m  OK  [0m] Started Remount Root and Kernel File Systems.
[[0;32m  OK  [0m] Mounted POSIX Message Queue File System.
[[0;32m  OK  [0m] Mounted Kernel Debug File System.
[[0;32m  OK  [0m] Started Create list of required staâ€¦vice nodes for the current kernel.
[[0;32m  OK  [0m] Started Load Kernel Modules.
[[0;32m  OK  [0m] Started LVM2 metadata daemon.
         Starting Apply Kernel Variables...
         Mounting Kernel Configuration File System...
         Mounting FUSE Control File System...
         Starting Create Static Device Nodes in /dev...
         Starting Load/Save Random Seed...
         Starting Flush Journal to Persistent Storage...
[[0;32m  OK  [0m] Started Monitoring of LVM2 mirrors,â€¦sing dmeventd or progress polling.
[[0;32m  OK  [0m] Started udev Coldplug all Devices.
[[0;32m  OK  [0m] Started Apply Kernel Variables.
[[0;32m  OK  [0m] Mounted Kernel Configuration File System.
[[0;32m  OK  [0m] Mounted FUSE Control File System.
[[0;32m  OK  [0m] Started Create Static Device Nodes in /dev.
[[0;32m  OK  [0m] Started Load/Save Random Seed.
         Starting udev Kernel Device Manager...
[[0;32m  OK  [0m] Reached target Local File Systems (Pre).
[[0;32m  OK  [0m] Reached target Local File Systems.
         Starting Tell Plymouth To Write Out Runtime Data...
         Starting Set console font and keymap...
         Starting ebtables ruleset management...
         Starting AppArmor initialization...
[[0;32m  OK  [0m] Started udev Kernel Device Manager.
[[0;32m  OK  [0m] Started Tell Plymouth To Write Out Runtime Data.
[[0;32m  OK  [0m] Started Flush Journal to Persistent Storage.
[[0;32m  OK  [0m] Started Set console font and keymap.
         Starting Create Volatile Files and Directories...
[[0;32m  OK  [0m] Started Dispatch Password Requests to Console Directory Watch.
[[0;32m  OK  [0m] Reached target Local Encrypted Volumes.
[[0;32m  OK  [0m] Started Create Volatile Files and Directories.
[[0;32m  OK  [0m] Started ebtables ruleset management.
[[0;32m  OK  [0m] Found device /dev/ttyS0.
         Starting Update UTMP about System Boot/Shutdown...
[[0;32m  OK  [0m] Listening on Load/Save RF Kill Switch Status /dev/rfkill Watch.
[[0;32m  OK  [0m] Started Update UTMP about System Boot/Shutdown.
[[0;32m  OK  [0m] Started AppArmor initialization.
         Starting Initial cloud-init job (pre-networking)...
[   33.837550] cloud-init[574]: Cloud-init v. 19.2-24-ge7881d5c-0ubuntu1~18.04.1 running 'init-local' at Tue, 17 Sep 2019 18:07:31 +0000. Up 33.34 seconds.
[[0;32m  OK  [0m] Started Initial cloud-init job (pre-networking).
[[0;32m  OK  [0m] Reached target Network (Pre).
         Starting Network Service...
[[0;32m  OK  [0m] Started Network Service.
         Starting Wait for Network to be Configured...
         Starting Network Name Resolution...
[[0;32m  OK  [0m] Started Network Name Resolution.
[[0;32m  OK  [0m] Reached target Network.
[[0;32m  OK  [0m] Reached target Host and Network Name Lookups.
[[0;32m  OK  [0m] Started Wait for Network to be Configured.
         Starting Initial cloud-init job (metadata service crawler)...
[   36.856766] cloud-init[686]: Cloud-init v. 19.2-24-ge7881d5c-0ubuntu1~18.04.1 running 'init' at Tue, 17 Sep 2019 18:07:34 +0000. Up 36.41 seconds.
[   36.920904] cloud-init[686]: ci-info: ++++++++++++++++++++++++++++++++++++++Net device info+++++++++++++++++++++++++++++++++++++++
[   36.982152] cloud-init[686]: ci-info: +--------+------+-----------------------------+---------------+--------+-------------------+
[   37.030656] cloud-init[686]: ci-info: | Device |  Up  |           Address           |      Mask     | Scope  |     Hw-Address    |
[   37.092383] cloud-init[686]: ci-info: +--------+------+-----------------------------+---------------+--------+-------------------+
[   37.157051] cloud-init[686]: ci-info: | enp0s3 | True |          10.0.2.15          | 255.255.255.0 | global | 02:0d:76:ba:5b:1c |
[   37.201036] cloud-init[686]: ci-info: | enp0s3 | True |  fe80::d:76ff:feba:5b1c/64  |       .       |  link  | 02:0d:76:ba:5b:1c |
[   37.241441] cloud-init[686]: ci-info: | enp0s8 | True |        192.168.33.33        | 255.255.255.0 | global | 08:00:27:ed:7e:e3 |
[   37.263886] cloud-init[686]: ci-info: | enp0s8 | True | fe80::a00:27ff:feed:7ee3/64 |       .       |  link  | 08:00:27:ed:7e:e3 |
[   37.273678] cloud-init[686]: ci-info: |   lo   | True |          127.0.0.1          |   255.0.0.0   |  host  |         .         |
[   37.278984] cloud-init[686]: ci-info: |   lo   | True |           ::1/128           |       .       |  host  |         .         |
[[0;32m  OK  [0m[   37.332571] ] cloud-initStarted Initial cloud-init job (metadata service crawler).[686]: 
ci-info: +--------+------+-----------------------------+---------------+--------+-------------------+
[[   37.444633] cloud-init[686]: ci-info: +++++++++++++++++++++++++++++Route IPv4 info+++++++++++++++++++++++++++++
[   37.445411] cloud-init[686]: ci-info: +-------+--------------+----------+-----------------+-----------+-------+
[0;32m  OK  [0m] Reached target Network is Online.
[   37.446588] cloud-init[686]: ci-info: | Route | Destination  | Gateway  |     Genmask     | Interface | Flags |
         Starting Availability of block devices...
[   37.604516] cloud-init[686]: ci-info: +-------+--------------+----------+-----------------+-----------+-------+
[[   37.681453] cloud-init[686]: ci-info: |   0   |   0.0.0.0    | 10.0.2.2 |     0.0.0.0     |   enp0s3  |   UG  |
[   37.682226] cloud-init[686]: ci-info: |   1   |   10.0.2.0   | 0.0.0.0  |  255.255.255.0  |   enp0s3  |   U   |
[0;32m  OK  [0m] Reached target Remote File Systems (Pre).
[[0;32m  OK  [0m] Reached target Remote File Systems.
[   37.683411] cloud-init[686]: ci-info: |   2   |   10.0.2.2   | 0.0.0.0  | 255.255.255.255 |   enp0s3  |   UH  |
[   37.925337] cloud-init[686]: ci-info: |   3   | 192.168.33.0 | 0.0.0.0  |  255.255.255.0  |   enp0s8  |   U   |
[[   37.954363] cloud-init[686]: ci-info: +-------+--------------+----------+-----------------+-----------+-------+
[0;32m  OK  [0m] Reached target System Initialization.
[   37.956949] cloud-init[686]: ci-info: +++++++++++++++++++Route IPv6 info+++++++++++++++++++
[[   38.080841] cloud-init[686]: ci-info: +-------+-------------+---------+-----------+-------+
[   38.081606] cloud-init[686]: ci-info: | Route | Destination | Gateway | Interface | Flags |
[0;32m  OK  [0m] Started Discard unused blocks once a week.
[   38.082571] cloud-init[686]: ci-info: +-------+-------------+---------+-----------+-------+
[[   38.252898] cloud-init[686]: ci-info: |   1   |  fe80::/64  |    ::   |   enp0s8  |   U   |
[   38.254515] cloud-init[686]: ci-info: |   2   |  fe80::/64  |    ::   |   enp0s3  |   U   |
[0;32m  OK  [0m] Started Daily apt download activities.
[   38.255880] cloud-init[686]: ci-info: |   4   |    local    |    ::   |   enp0s3  |   U   |
         [   38.377423] cloud-init[686]: ci-info: |   5   |    local    |    ::   |   enp0s8  |   U   |
[   38.378292] cloud-init[686]: ci-info: |   6   |   ff00::/8  |    ::   |   enp0s8  |   U   |
Starting Docker Socket for the API.
[   38.379096] cloud-init[686]: ci-info: |   7   |   ff00::/8  |    ::   |   enp0s3  |   U   |
[[   38.452562] cloud-init[686]: ci-info: +-------+-------------+---------+-----------+-------+
[0;32m  OK  [0m] Listening on Open-iSCSI iscsid Socket.
[[0;32m  OK  [0m] Started Daily apt upgrade and clean activities.
[[0;32m  OK  [0m] Listening on D-Bus System Message Bus Socket.
         Starting Socket activation for snappy daemon.
[[0;32m  OK  [0m] Started Daily Cleanup of Temporary Directories.
         Starting LXD - unix socket.
[[0;32m  OK  [0m] Listening on ACPID Listen Socket.
[[0;32m  OK  [0m] Started Message of the Day.
[[0;32m  OK  [0m] Reached target Timers.
[[0;32m  OK  [0m] Listening on UUID daemon activation socket.
[[0;32m  OK  [0m] Started ACPI Events Check.
[[0;32m  OK  [0m] Reached target Paths.
[[0;32m  OK  [0m] Reached target Cloud-config availability.
[[0;32m  OK  [0m] Started Availability of block devices.
[[0;32m  OK  [0m] Listening on Docker Socket for the API.
[[0;32m  OK  [0m] Listening on Socket activation for snappy daemon.
[[0;32m  OK  [0m] Listening on LXD - unix socket.
[[0;32m  OK  [0m] Reached target Sockets.
[[0;32m  OK  [0m] Reached target Basic System.
[[0;32m  OK  [0m] Started Deferred execution scheduler.
         Starting Accounts Service...
[[0;32m  OK  [0m] Started FUSE filesystem for LXC.
         Starting System Logging Service...
         Starting containerd container runtime...
[[0;32m  OK  [0m] Started D-Bus System Message Bus.
         Starting Login Service...
         Starting Message of the Day...
         Starting LXD - container startup/shutdown...
         Starting Dispatcher daemon for systemd-networkd...
         Starting Permit User Sessions...
[[0;32m  OK  [0m] Started Regular background program processing daemon.
[[0;32m  OK  [0m] Started irqbalance daemon.
         Starting LSB: Record successful boot for GRUB...
         Starting Virtualbox guest utils...
         Starting LSB: automatic crash report generation...
         Starting Snappy daemon...
         Starting OpenBSD Secure Shell server...
[[0;32m  OK  [0m] Started System Logging Service.
[[0;32m  OK  [0m] Started containerd container runtime.
[[0;32m  OK  [0m] Started LXD - container startup/shutdown.
[[0;32m  OK  [0m] Started Permit User Sessions.
[[0;32m  OK  [0m] Started OpenBSD Secure Shell server.
[[0;32m  OK  [0m] Started Login Service.
[[0;32m  OK  [0m] Started Unattended Upgrades Shutdown.
         Starting Authorization Manager...
         Starting Hold until boot process finishes up...
         Starting Terminate Plymouth Boot Screen...
         Starting Docker Application Container Engine...
[[0;32m  OK  [0m] Started Dispatcher daemon for systemd-networkd.
[[0;32m  OK  [0m] Started LSB: automatic crash report generation.
[[0;32m  OK  [0m] Started Hold until boot process finishes up.
[[0;32m  OK  [0m] Started Terminate Plymouth Boot Screen.
         Starting Set console scheme...
[[0;32m  OK  [0m] Started Serial Getty on ttyS0.
[[0;32m  OK  [0m] Started LSB: Record successful boot for GRUB.
[[0;32m  OK  [0m] Started Virtualbox guest utils.
[[0;32m  OK  [0m] Started Set console scheme.
[[0;32m  OK  [0m] Started Authorization Manager.
[[0;32m  OK  [0m] Started Accounts Service.
[[0;32m  OK  [0m] Created slice system-getty.slice.
[[0;32m  OK  [0m] Started Getty on tty1.
[[0;32m  OK  [0m] Reached target Login Prompts.
[[0;32m  OK  [0m] Started Message of the Day.
[[0;32m  OK  [0m] Started Snappy daemon.
         Starting Wait until snapd is fully seeded...
[[0;32m  OK  [0m] Started Wait until snapd is fully seeded.
         Starting Apply the settings specified in cloud-config...
[[0;32m  OK  [0m] Created slice User Slice of vagrant.
         Starting User Manager for UID 1000...
[[0;32m  OK  [0m] Started Session 1 of user vagrant.
[[0;32m  OK  [0m] Started User Manager for UID 1000.
[   43.899840] cloud-init[1156]: Cloud-init v. 19.2-24-ge7881d5c-0ubuntu1~18.04.1 running 'modules:config' at Tue, 17 Sep 2019 18:07:41 +0000. Up 43.45 seconds.
[[0;32m  OK  [0m] Started Apply the settings specified in cloud-config.

Ubuntu 18.04.3 LTS ubuntu-bionic ttyS0

ubuntu-bionic login: [   53.260970] cloud-init[2181]: Cloud-init v. 19.2-24-ge7881d5c-0ubuntu1~18.04.1 running 'modules:final' at Tue, 17 Sep 2019 18:07:50 +0000. Up 52.87 seconds.
[   53.262532] cloud-init[2181]: Cloud-init v. 19.2-24-ge7881d5c-0ubuntu1~18.04.1 finished at Tue, 17 Sep 2019 18:07:51 +0000. Datasource DataSourceNoCloud [seed=/dev/sdb][dsmode=net].  Up 53.19 seconds
